------------------------------------------------------------
Timing Analyzer Summary
------------------------------------------------------------

Type  : Slow 1200mV 85C Model Setup 'SW[0]'
Slack : -1.037
TNS   : -1.037

Type  : Slow 1200mV 85C Model Setup 'SW[4]'
Slack : -1.027
TNS   : -1.027

Type  : Slow 1200mV 85C Model Hold 'SW[4]'
Slack : 0.630
TNS   : 0.000

Type  : Slow 1200mV 85C Model Hold 'SW[0]'
Slack : 0.635
TNS   : 0.000

Type  : Slow 1200mV 85C Model Minimum Pulse Width 'SW[0]'
Slack : -3.000
TNS   : -3.000

Type  : Slow 1200mV 85C Model Minimum Pulse Width 'SW[4]'
Slack : -3.000
TNS   : -3.000

Type  : Slow 1200mV 0C Model Setup 'SW[0]'
Slack : -0.876
TNS   : -0.876

Type  : Slow 1200mV 0C Model Setup 'SW[4]'
Slack : -0.871
TNS   : -0.871

Type  : Slow 1200mV 0C Model Hold 'SW[4]'
Slack : 0.577
TNS   : 0.000

Type  : Slow 1200mV 0C Model Hold 'SW[0]'
Slack : 0.580
TNS   : 0.000

Type  : Slow 1200mV 0C Model Minimum Pulse Width 'SW[0]'
Slack : -3.000
TNS   : -3.000

Type  : Slow 1200mV 0C Model Minimum Pulse Width 'SW[4]'
Slack : -3.000
TNS   : -3.000

Type  : Fast 1200mV 0C Model Setup 'SW[0]'
Slack : 0.193
TNS   : 0.000

Type  : Fast 1200mV 0C Model Setup 'SW[4]'
Slack : 0.199
TNS   : 0.000

Type  : Fast 1200mV 0C Model Hold 'SW[4]'
Slack : 0.244
TNS   : 0.000

Type  : Fast 1200mV 0C Model Hold 'SW[0]'
Slack : 0.249
TNS   : 0.000

Type  : Fast 1200mV 0C Model Minimum Pulse Width 'SW[0]'
Slack : -3.000
TNS   : -3.000

Type  : Fast 1200mV 0C Model Minimum Pulse Width 'SW[4]'
Slack : -3.000
TNS   : -3.000

------------------------------------------------------------
